// Jest Snapshot v1, https://goo.gl/fbAQLP

exports[`Snapshot Test 1`] = `
Object {
  "Outputs": Object {
    "devsnowflakeawsmysqlconnectorrestapiEndpoint2C8E0A74": Object {
      "Value": Object {
        "Fn::Join": Array [
          "",
          Array [
            "https://",
            Object {
              "Ref": "devsnowflakeawsmysqlconnectorrestapi034D486F",
            },
            ".execute-api.ap-northeast-1.",
            Object {
              "Ref": "AWS::URLSuffix",
            },
            "/",
            Object {
              "Ref": "devsnowflakeawsmysqlconnectorrestapiDeploymentStagedefaultE3F69B5E",
            },
            "/",
          ],
        ],
      },
    },
  },
  "Parameters": Object {
    "AssetParameters67b7823b74bc135986aa72f889d6a8da058d0c4a20cbc2dfc6f78995fdd2fc24ArtifactHashBA91B77F": Object {
      "Description": "Artifact hash for asset \\"67b7823b74bc135986aa72f889d6a8da058d0c4a20cbc2dfc6f78995fdd2fc24\\"",
      "Type": "String",
    },
    "AssetParameters67b7823b74bc135986aa72f889d6a8da058d0c4a20cbc2dfc6f78995fdd2fc24S3Bucket4D46ABB5": Object {
      "Description": "S3 bucket for asset \\"67b7823b74bc135986aa72f889d6a8da058d0c4a20cbc2dfc6f78995fdd2fc24\\"",
      "Type": "String",
    },
    "AssetParameters67b7823b74bc135986aa72f889d6a8da058d0c4a20cbc2dfc6f78995fdd2fc24S3VersionKeyB0F28861": Object {
      "Description": "S3 key for asset version \\"67b7823b74bc135986aa72f889d6a8da058d0c4a20cbc2dfc6f78995fdd2fc24\\"",
      "Type": "String",
    },
    "AssetParameters9237631b006453b8d2b275e61053dbf9c1ec0da492720b99a9d83ce3b802c656ArtifactHash03CBE45C": Object {
      "Description": "Artifact hash for asset \\"9237631b006453b8d2b275e61053dbf9c1ec0da492720b99a9d83ce3b802c656\\"",
      "Type": "String",
    },
    "AssetParameters9237631b006453b8d2b275e61053dbf9c1ec0da492720b99a9d83ce3b802c656S3BucketE83B8C93": Object {
      "Description": "S3 bucket for asset \\"9237631b006453b8d2b275e61053dbf9c1ec0da492720b99a9d83ce3b802c656\\"",
      "Type": "String",
    },
    "AssetParameters9237631b006453b8d2b275e61053dbf9c1ec0da492720b99a9d83ce3b802c656S3VersionKeyEE13941B": Object {
      "Description": "S3 key for asset version \\"9237631b006453b8d2b275e61053dbf9c1ec0da492720b99a9d83ce3b802c656\\"",
      "Type": "String",
    },
  },
  "Resources": Object {
    "LogRetentionaae0aa3c5b4d4f87b02d85b201efdd8aFD4BFC8A": Object {
      "DependsOn": Array [
        "LogRetentionaae0aa3c5b4d4f87b02d85b201efdd8aServiceRoleDefaultPolicyADDA7DEB",
        "LogRetentionaae0aa3c5b4d4f87b02d85b201efdd8aServiceRole9741ECFB",
      ],
      "Properties": Object {
        "Code": Object {
          "S3Bucket": Object {
            "Ref": "AssetParameters67b7823b74bc135986aa72f889d6a8da058d0c4a20cbc2dfc6f78995fdd2fc24S3Bucket4D46ABB5",
          },
          "S3Key": Object {
            "Fn::Join": Array [
              "",
              Array [
                Object {
                  "Fn::Select": Array [
                    0,
                    Object {
                      "Fn::Split": Array [
                        "||",
                        Object {
                          "Ref": "AssetParameters67b7823b74bc135986aa72f889d6a8da058d0c4a20cbc2dfc6f78995fdd2fc24S3VersionKeyB0F28861",
                        },
                      ],
                    },
                  ],
                },
                Object {
                  "Fn::Select": Array [
                    1,
                    Object {
                      "Fn::Split": Array [
                        "||",
                        Object {
                          "Ref": "AssetParameters67b7823b74bc135986aa72f889d6a8da058d0c4a20cbc2dfc6f78995fdd2fc24S3VersionKeyB0F28861",
                        },
                      ],
                    },
                  ],
                },
              ],
            ],
          },
        },
        "Handler": "index.handler",
        "Role": Object {
          "Fn::GetAtt": Array [
            "LogRetentionaae0aa3c5b4d4f87b02d85b201efdd8aServiceRole9741ECFB",
            "Arn",
          ],
        },
        "Runtime": "nodejs10.x",
      },
      "Type": "AWS::Lambda::Function",
    },
    "LogRetentionaae0aa3c5b4d4f87b02d85b201efdd8aServiceRole9741ECFB": Object {
      "Properties": Object {
        "AssumeRolePolicyDocument": Object {
          "Statement": Array [
            Object {
              "Action": "sts:AssumeRole",
              "Effect": "Allow",
              "Principal": Object {
                "Service": "lambda.amazonaws.com",
              },
            },
          ],
          "Version": "2012-10-17",
        },
        "ManagedPolicyArns": Array [
          Object {
            "Fn::Join": Array [
              "",
              Array [
                "arn:",
                Object {
                  "Ref": "AWS::Partition",
                },
                ":iam::aws:policy/service-role/AWSLambdaBasicExecutionRole",
              ],
            ],
          },
        ],
      },
      "Type": "AWS::IAM::Role",
    },
    "LogRetentionaae0aa3c5b4d4f87b02d85b201efdd8aServiceRoleDefaultPolicyADDA7DEB": Object {
      "Properties": Object {
        "PolicyDocument": Object {
          "Statement": Array [
            Object {
              "Action": Array [
                "logs:PutRetentionPolicy",
                "logs:DeleteRetentionPolicy",
              ],
              "Effect": "Allow",
              "Resource": "*",
            },
          ],
          "Version": "2012-10-17",
        },
        "PolicyName": "LogRetentionaae0aa3c5b4d4f87b02d85b201efdd8aServiceRoleDefaultPolicyADDA7DEB",
        "Roles": Array [
          Object {
            "Ref": "LogRetentionaae0aa3c5b4d4f87b02d85b201efdd8aServiceRole9741ECFB",
          },
        ],
      },
      "Type": "AWS::IAM::Policy",
    },
    "devsnowflakeawsmysqlconnectorA759905B": Object {
      "DependsOn": Array [
        "devsnowflakeawsmysqlconnectorServiceRole4253ECFA",
      ],
      "Properties": Object {
        "Code": Object {
          "S3Bucket": Object {
            "Ref": "AssetParameters9237631b006453b8d2b275e61053dbf9c1ec0da492720b99a9d83ce3b802c656S3BucketE83B8C93",
          },
          "S3Key": Object {
            "Fn::Join": Array [
              "",
              Array [
                Object {
                  "Fn::Select": Array [
                    0,
                    Object {
                      "Fn::Split": Array [
                        "||",
                        Object {
                          "Ref": "AssetParameters9237631b006453b8d2b275e61053dbf9c1ec0da492720b99a9d83ce3b802c656S3VersionKeyEE13941B",
                        },
                      ],
                    },
                  ],
                },
                Object {
                  "Fn::Select": Array [
                    1,
                    Object {
                      "Fn::Split": Array [
                        "||",
                        Object {
                          "Ref": "AssetParameters9237631b006453b8d2b275e61053dbf9c1ec0da492720b99a9d83ce3b802c656S3VersionKeyEE13941B",
                        },
                      ],
                    },
                  ],
                },
              ],
            ],
          },
        },
        "Environment": Object {
          "Variables": Object {
            "STACK_ENV": "snapshot-test",
          },
        },
        "FunctionName": "dev-snowflake-aws-mysql-connector",
        "Handler": "index.handler",
        "Layers": Array [
          Object {
            "Ref": "devsnowflakeawsmysqlconnectorlayer9A47E73D",
          },
        ],
        "Role": Object {
          "Fn::GetAtt": Array [
            "devsnowflakeawsmysqlconnectorServiceRole4253ECFA",
            "Arn",
          ],
        },
        "Runtime": "nodejs12.x",
        "Timeout": 10,
        "VpcConfig": Object {
          "SecurityGroupIds": Array [
            "sg-abcdefghijk123",
          ],
          "SubnetIds": Array [
            "subnet-abcdefghijk123",
          ],
        },
      },
      "Type": "AWS::Lambda::Function",
    },
    "devsnowflakeawsmysqlconnectorLogRetentionE8A47EC3": Object {
      "Properties": Object {
        "LogGroupName": Object {
          "Fn::Join": Array [
            "",
            Array [
              "/aws/lambda/",
              Object {
                "Ref": "devsnowflakeawsmysqlconnectorA759905B",
              },
            ],
          ],
        },
        "RetentionInDays": 3,
        "ServiceToken": Object {
          "Fn::GetAtt": Array [
            "LogRetentionaae0aa3c5b4d4f87b02d85b201efdd8aFD4BFC8A",
            "Arn",
          ],
        },
      },
      "Type": "Custom::LogRetention",
    },
    "devsnowflakeawsmysqlconnectorServiceRole4253ECFA": Object {
      "Properties": Object {
        "AssumeRolePolicyDocument": Object {
          "Statement": Array [
            Object {
              "Action": "sts:AssumeRole",
              "Effect": "Allow",
              "Principal": Object {
                "Service": "lambda.amazonaws.com",
              },
            },
          ],
          "Version": "2012-10-17",
        },
        "ManagedPolicyArns": Array [
          Object {
            "Fn::Join": Array [
              "",
              Array [
                "arn:",
                Object {
                  "Ref": "AWS::Partition",
                },
                ":iam::aws:policy/service-role/AWSLambdaBasicExecutionRole",
              ],
            ],
          },
          Object {
            "Fn::Join": Array [
              "",
              Array [
                "arn:",
                Object {
                  "Ref": "AWS::Partition",
                },
                ":iam::aws:policy/service-role/AWSLambdaVPCAccessExecutionRole",
              ],
            ],
          },
        ],
      },
      "Type": "AWS::IAM::Role",
    },
    "devsnowflakeawsmysqlconnectorlayer9A47E73D": Object {
      "Properties": Object {
        "CompatibleRuntimes": Array [
          "nodejs12.x",
        ],
        "Content": Object {
          "S3Bucket": Object {
            "Ref": "AssetParameters9237631b006453b8d2b275e61053dbf9c1ec0da492720b99a9d83ce3b802c656S3BucketE83B8C93",
          },
          "S3Key": Object {
            "Fn::Join": Array [
              "",
              Array [
                Object {
                  "Fn::Select": Array [
                    0,
                    Object {
                      "Fn::Split": Array [
                        "||",
                        Object {
                          "Ref": "AssetParameters9237631b006453b8d2b275e61053dbf9c1ec0da492720b99a9d83ce3b802c656S3VersionKeyEE13941B",
                        },
                      ],
                    },
                  ],
                },
                Object {
                  "Fn::Select": Array [
                    1,
                    Object {
                      "Fn::Split": Array [
                        "||",
                        Object {
                          "Ref": "AssetParameters9237631b006453b8d2b275e61053dbf9c1ec0da492720b99a9d83ce3b802c656S3VersionKeyEE13941B",
                        },
                      ],
                    },
                  ],
                },
              ],
            ],
          },
        },
      },
      "Type": "AWS::Lambda::LayerVersion",
    },
    "devsnowflakeawsmysqlconnectorrestapi034D486F": Object {
      "Properties": Object {
        "Description": "Managed by CloudFormation (CDK)",
        "EndpointConfiguration": Object {
          "Types": Array [
            "REGIONAL",
          ],
        },
        "Name": "dev-snowflake-aws-mysql-connector-rest-api",
      },
      "Type": "AWS::ApiGateway::RestApi",
    },
    "devsnowflakeawsmysqlconnectorrestapiAccount18867F40": Object {
      "DependsOn": Array [
        "devsnowflakeawsmysqlconnectorrestapi034D486F",
      ],
      "Properties": Object {
        "CloudWatchRoleArn": Object {
          "Fn::GetAtt": Array [
            "devsnowflakeawsmysqlconnectorrestapiCloudWatchRole2E577E85",
            "Arn",
          ],
        },
      },
      "Type": "AWS::ApiGateway::Account",
    },
    "devsnowflakeawsmysqlconnectorrestapiCloudWatchRole2E577E85": Object {
      "Properties": Object {
        "AssumeRolePolicyDocument": Object {
          "Statement": Array [
            Object {
              "Action": "sts:AssumeRole",
              "Effect": "Allow",
              "Principal": Object {
                "Service": "apigateway.amazonaws.com",
              },
            },
          ],
          "Version": "2012-10-17",
        },
        "ManagedPolicyArns": Array [
          Object {
            "Fn::Join": Array [
              "",
              Array [
                "arn:",
                Object {
                  "Ref": "AWS::Partition",
                },
                ":iam::aws:policy/service-role/AmazonAPIGatewayPushToCloudWatchLogs",
              ],
            ],
          },
        ],
      },
      "Type": "AWS::IAM::Role",
    },
    "devsnowflakeawsmysqlconnectorrestapiDeployment2D477E321c175f15134bf8c37d5ee732f898d875": Object {
      "DependsOn": Array [
        "devsnowflakeawsmysqlconnectorrestapipostPOSTF18BCB2E",
        "devsnowflakeawsmysqlconnectorrestapipostAA314BEF",
      ],
      "Properties": Object {
        "Description": "Automatically created by the RestApi construct",
        "RestApiId": Object {
          "Ref": "devsnowflakeawsmysqlconnectorrestapi034D486F",
        },
      },
      "Type": "AWS::ApiGateway::Deployment",
    },
    "devsnowflakeawsmysqlconnectorrestapiDeploymentStagedefaultE3F69B5E": Object {
      "Properties": Object {
        "DeploymentId": Object {
          "Ref": "devsnowflakeawsmysqlconnectorrestapiDeployment2D477E321c175f15134bf8c37d5ee732f898d875",
        },
        "RestApiId": Object {
          "Ref": "devsnowflakeawsmysqlconnectorrestapi034D486F",
        },
        "StageName": "default",
      },
      "Type": "AWS::ApiGateway::Stage",
    },
    "devsnowflakeawsmysqlconnectorrestapipostAA314BEF": Object {
      "Properties": Object {
        "ParentId": Object {
          "Fn::GetAtt": Array [
            "devsnowflakeawsmysqlconnectorrestapi034D486F",
            "RootResourceId",
          ],
        },
        "PathPart": "post",
        "RestApiId": Object {
          "Ref": "devsnowflakeawsmysqlconnectorrestapi034D486F",
        },
      },
      "Type": "AWS::ApiGateway::Resource",
    },
    "devsnowflakeawsmysqlconnectorrestapipostPOSTApiPermissionSnowflakeAWSMySQLConnectorTestStackdevsnowflakeawsmysqlconnectorrestapi0B44822CPOSTpostC3D7D6E9": Object {
      "Properties": Object {
        "Action": "lambda:InvokeFunction",
        "FunctionName": Object {
          "Fn::GetAtt": Array [
            "devsnowflakeawsmysqlconnectorA759905B",
            "Arn",
          ],
        },
        "Principal": "apigateway.amazonaws.com",
        "SourceArn": Object {
          "Fn::Join": Array [
            "",
            Array [
              "arn:",
              Object {
                "Ref": "AWS::Partition",
              },
              ":execute-api:ap-northeast-1:123456789012:",
              Object {
                "Ref": "devsnowflakeawsmysqlconnectorrestapi034D486F",
              },
              "/",
              Object {
                "Ref": "devsnowflakeawsmysqlconnectorrestapiDeploymentStagedefaultE3F69B5E",
              },
              "/POST/post",
            ],
          ],
        },
      },
      "Type": "AWS::Lambda::Permission",
    },
    "devsnowflakeawsmysqlconnectorrestapipostPOSTApiPermissionTestSnowflakeAWSMySQLConnectorTestStackdevsnowflakeawsmysqlconnectorrestapi0B44822CPOSTpost4F08307C": Object {
      "Properties": Object {
        "Action": "lambda:InvokeFunction",
        "FunctionName": Object {
          "Fn::GetAtt": Array [
            "devsnowflakeawsmysqlconnectorA759905B",
            "Arn",
          ],
        },
        "Principal": "apigateway.amazonaws.com",
        "SourceArn": Object {
          "Fn::Join": Array [
            "",
            Array [
              "arn:",
              Object {
                "Ref": "AWS::Partition",
              },
              ":execute-api:ap-northeast-1:123456789012:",
              Object {
                "Ref": "devsnowflakeawsmysqlconnectorrestapi034D486F",
              },
              "/test-invoke-stage/POST/post",
            ],
          ],
        },
      },
      "Type": "AWS::Lambda::Permission",
    },
    "devsnowflakeawsmysqlconnectorrestapipostPOSTF18BCB2E": Object {
      "Properties": Object {
        "AuthorizationType": "AWS_IAM",
        "HttpMethod": "POST",
        "Integration": Object {
          "IntegrationHttpMethod": "POST",
          "Type": "AWS_PROXY",
          "Uri": Object {
            "Fn::Join": Array [
              "",
              Array [
                "arn:",
                Object {
                  "Ref": "AWS::Partition",
                },
                ":apigateway:ap-northeast-1:lambda:path/2015-03-31/functions/",
                Object {
                  "Fn::GetAtt": Array [
                    "devsnowflakeawsmysqlconnectorA759905B",
                    "Arn",
                  ],
                },
                "/invocations",
              ],
            ],
          },
        },
        "ResourceId": Object {
          "Ref": "devsnowflakeawsmysqlconnectorrestapipostAA314BEF",
        },
        "RestApiId": Object {
          "Ref": "devsnowflakeawsmysqlconnectorrestapi034D486F",
        },
      },
      "Type": "AWS::ApiGateway::Method",
    },
  },
}
`;
